
   PyOQP started at 2026-06-16 13:17:00


          ***********************************************************
          *                                                         *
          *             OpenQP: Open Quantum Platform               *
          *                                                         *
          *                Version: 1.0 Aug, 2024                   *
          *                                                         *
          ***********************************************************
          *     The most efficient implementation of MRSF-TDDFT.    *
          ***********************************************************
          *                                                         *
          *   OpenQP was initiated by Prof. Cheol Ho Choi in 2012.  *
          *                                                         *
          *   It has since been developed by:                       *
          *   Dr. Vladimir Mironov                                  *
          *   Dr. Konstantin Komarov                                *
          *   Mr. Igor Gerasimov                                    *
          *   Dr. Hiroya Nakata                                     *
          *   Dr. Mohsen Mazaherifar                                *
          *   Mr. Alireza Lashkaripour                              *
          *                                                         *
          *   In 2024, Prof. Jingbai Li at Hoffmann Institute of    *
          *   Advanced Materials began developing PyOQP.            *
          *                                                         *
          ***********************************************************

                     Job Details:
                      Start Time: Tue Jun 16 13:17:00 2026    
                      Host: chc2.knu.ac.kr              
                      Resources Allocated:
                        OpenMP Threads:   20

   ==============================================
   PyOQP: Entering Electronic Energy Calculation
   ==============================================

   PyOQP natom:                        2
   PyOQP charge:                       0
    

                    ++++++++++++++++++++++++++++++++++++++++
                      MODULE: apply_basis 
                      Setting up basis set information
                    ++++++++++++++++++++++++++++++++++++++++

     Basis Sets options
     ------------------
     Basis Sets: sto-3g
     Number of Shells  =       4     Number of Primitives  =      12
     Number of Basis Set functions  =       6
     Maximum Angluar Momentum =       1


     ====================== Basis Set Details ======================

                 Exponent             Normalized Coefficient
     LI
          S
                1.61196E+01                8.84856E-01
                2.93620E+00                8.55794E-01
                7.94650E-01                2.66714E-01
          S
                6.36290E-01               -5.07585E-02
                1.47860E-01                6.78936E-02
                4.80887E-02                5.12403E-02
          P
                6.36290E-01                1.26299E-01
                1.47860E-01                7.94203E-02
                4.80887E-02                1.25815E-02
     H 
          S
                3.42525E+00                2.76934E-01
                6.23914E-01                2.67839E-01
                1.68855E-01                8.34737E-02

     ==================== End of Basis Set Data ====================

                    ++++++++++++++++++++++++++++++++++++++++
                       MODULE: int1e
                       Computing H, S and T Matrices
                    ++++++++++++++++++++++++++++++++++++++++

                     ================================
                     Cartesian Coordinate in Angstrom
                     ================================
        ATOM     ZNUC           X              Y              Z
      --------------------------------------------------------------
          1      3.0     0.000000000     0.000000000     0.000000000
          2      1.0     0.000000000     0.000000000     1.600000000

 ...... End Of One Electron Integrals ......


                    ++++++++++++++++++++++++++++++++++++++++
                       MODULE: guess_Hcore
                       Initial Guess using H Matrix
                    ++++++++++++++++++++++++++++++++++++++++

 ...... End Of Initial Orbital Guess ......

   Step  CPU time (seconds):      0.000   Wall time (seconds):      0.000
   Total CPU time (seconds):      0.000   Wall time (seconds):      0.000

   ==============================================
      PyOQP: Orbital Guess
   ==============================================

   PyOQP guess type:                   hcore
   PyOQP guess file:                   compute orbitals
   PyOQP guess alpha:                  computed
   PyOQP guess beta:                   copied
   PyOQP guess swapmo:                 


   ==============================================
   PyOQP: Normal SCF steps
   ==============================================

   PyOQP method:                       casscf
   PyOQP hf/functional:                hf
   PyOQP basis:                        sto-3g
   PyOQP scf type:                     rhf
   PyOQP scf maxit:                    80
   PyOQP scf forced attempt:           3
   PyOQP scf multiplicity:             1
   PyOQP scf convergence:              1e-06
   PyOQP scf incremental:              True
   PyOQP diis type:                    cdiis
   PyOQP vdiis/cdiis switch:           0.3
   PyOQP vdiis/vshift switch:          0.003
   PyOQP cdiis/vshift_switch           0.3
   PyOQP vshift:                       0.0
   

                    ++++++++++++++++++++++++++++++++++++++++
                       MODULE: HF_DFT_Energy
                       Computing HF/DFT SCF Energy
                    ++++++++++++++++++++++++++++++++++++++++
   Step  CPU time (seconds):      0.015   Wall time (seconds):      0.018
   Total CPU time (seconds):      0.015   Wall time (seconds):      0.018

     SCF options
     ------------------
     SCF type = RHF                  MaxIT =    80
     MaxDIIS =     7                 Conv =   0.0000010000
     DIIS Type = c-DIIS
     vDIIS_cDIIS_Switch =  0.30000   vDIIS_vshift_Switch =  0.00300
     DIIS Reset Mod =    10          DIIS Reset Conv =   0.00500000
     VShift =  0.00000               VShift_cDIIS_Switch =  0.30000
     MOM =     F                     MOM_Switch =  0.00300
     pFON =     F                    pFON Start Temp. =   2000.00
     pFON Cooling Rate =     50.00   pFON Num. Smearing =  5.00000

   Direct SCF iterations begin.
   =============================================================================================
    Iter         Energy            Delta E         Int Skip     DIIS Error     Shift     Method
   =============================================================================================
       1      -7.8296540432     -7.8296540432             0     0.18071254     0.000     SD
       2      -7.8609457828     -0.0312917395             0     0.02116799     0.000     C-DIIS
       3      -7.8617318313     -0.0007860485             0     0.00493055     0.000     C-DIIS
       4      -7.8618539155     -0.0001220842             0     0.00133357     0.000     C-DIIS
       5      -7.8618647923     -0.0000108768             0     0.00002410     0.000     C-DIIS
       6      -7.8618647950     -0.0000000027             0     0.00000194     0.000     C-DIIS
       7      -7.8618647950     -0.0000000000             0     0.00000002     0.000     C-DIIS
   ----------------------------------------------------------------
          SCF convergence achieved ....

 Final RHF energy is       -7.8618647950 after   7 iterations


          ===============================
          Molecular Orbitals and Energies
          ===============================

   -------------- Alpha Orbitals -------------

                          1                2                3                4                5
                   -2.3487620135    -0.2852707508     0.0782164804     0.1639412667     0.1639412667
    1  Li 1  S      0.9912505119     0.1670895142     0.2100426736     0.0000000000    -0.0000000000
    2  Li 1  S      0.0327065713    -0.4552442943    -0.7995433947    -0.0000000000     0.0000000000
    3  Li 1  X      0.0000000000     0.0000000000    -0.0000000000    -0.0434263551    -0.9990566282
    4  Li 1  Y     -0.0000000000    -0.0000000000     0.0000000000    -0.9990566282     0.0434263551
    5  Li 1  Z     -0.0063083720    -0.3460211273     0.6120700438     0.0000000000    -0.0000000000
    6  H  2  S      0.0043530576    -0.5490785634     0.1401663455    -0.0000000000    -0.0000000000

                          6
                    0.5477082472
    1  Li 1  S      0.0934584294
    2  Li 1  S     -0.7026838021
    3  Li 1  X     -0.0000000000
    4  Li 1  Y     -0.0000000000
    5  Li 1  Z     -0.9794558873
    6  H  2  S      1.1847227777

          =================
          Energy components
          =================

         Wavefunction normalization =       1.0000000000

                One electron energy =     -12.4400785790
                Two electron energy =       3.5860065136
           Nuclear repulsion energy =       0.9922072704
                                      ------------------
                       TOTAL energy =      -7.8618647950

 Electron-electron potential energy =       3.5860065136
  Nucleus-electron potential energy =     -20.3951274561
   Nucleus-nucleus potential energy =       0.9922072704
                                      ------------------
             TOTAL potential energy =     -15.8169136721
               TOTAL kinetic energy =       7.9550488771
                 Virial ratio (V/T) =       1.9882861710

   Step  CPU time (seconds):      0.265   Wall time (seconds):      0.032
   Total CPU time (seconds):      0.280   Wall time (seconds):      0.050

   ==============================================
   PyOQP: SCF energy is converged after 1 attempts
   ==============================================

   ==============================================
   PyOQP: Complete Active Space Self-Consistent Field
   ==============================================

   PyOQP method:                       casscf
   PyOQP reference:                    closed-shell RHF
   PyOQP active electrons:                          2
   PyOQP active orbitals:                           2
   PyOQP frozen core orbitals:                      1
   PyOQP determinant count:                         4
   PyOQP orbital source:               rhf
   PyOQP orbital selection:            sequential
   PyOQP active orbital indices:       2,3
   PyOQP core orbital indices:         1
   PyOQP RHF reference energy:          -7.8618647950   

   PyOQP CASSCF energies
   PyOQP state 0      -7.8621288586    <S^2> 0.000000   multiplicity 1   


   ==============================================
   PyOQP: Complete Active Space Self-Consistent Field
   ==============================================

   PyOQP method:                       casscf
   PyOQP reference:                    closed-shell RHF
   PyOQP active electrons:                          2
   PyOQP active orbitals:                           2
   PyOQP frozen core orbitals:                      1
   PyOQP determinant count:                         4
   PyOQP orbital source:               rhf
   PyOQP orbital selection:            sequential
   PyOQP active orbital indices:       2,3
   PyOQP core orbital indices:         1
   PyOQP RHF reference energy:          -7.8618647950   

   PyOQP CASSCF energies
   PyOQP state 0      -7.8621356843    <S^2> 0.000000   multiplicity 1   


   ==============================================
   PyOQP: Dispersion Correction
   ==============================================

   PyOQP dftd correction:                            False
   PyOQP dftd method:                        not installed
   PyOQP dftd functional:                               hf


   ==============================================
   PyOQP: Final Energy
   ==============================================
   PyOQP electronic energies
   PyOQP state 0      -7.86213568     

   PyOQP dftd correction 0.00000000      

   PyOQP dispersion corrected energies
   PyOQP state 0      -7.86213568     

   
   PyOQP terminated at 2026-06-16 13:17:00 in     0 days     0 hours     0 minutes     0 seconds
